<?xml version="1.0" encoding="utf-8"?>
<TestRun id="d9537d74-6819-46ad-b648-0f21420b7484" name="VICTUS@MATTHEW-SAB 2026-09-30 08:06:59" runUser="MATTHEW-SAB\VICTUS" xmlns="http://microsoft.com/schemas/VisualStudio/TeamTest/2010">
  <Times creation="2026-09-30T08:06:59.1522070+08:00" queuing="2026-09-30T08:06:59.1522074+08:00" start="2026-09-30T08:06:58.5373155+08:00" finish="2026-09-30T08:06:59.1863504+08:00" />
  <TestSettings name="default" id="134f05af-1b4e-4029-96c8-6ce159eadfe3">
    <Deployment runDeploymentRoot="VICTUS_MATTHEW-SAB_2026-09-30_08_06_59" />
  </TestSettings>
  <Results>
    <UnitTestResult executionId="6cf82bad-bd43-4246-b504-07cbc2e70786" testId="8deb5031-ec7f-d5c2-c182-4366f36d480f" testName="CampusEvents.Tests.EmailValidatorTests.Other_domains_are_rejected(email: &quot;student@gmail.com&quot;)" computerName="MATTHEW-SAB" duration="00:00:00.0001176" startTime="2026-09-30T08:06:59.1330696+08:00" endTime="2026-09-30T08:06:59.1330897+08:00" testType="13cdc9d9-ddb5-4fa4-a97d-d965ccfc6d4b" outcome="Passed" testListId="8c84fa94-04c1-424b-9868-57a2d4851a1d" relativeResultsDirectory="6cf82bad-bd43-4246-b504-07cbc2e70786" />
    <UnitTestResult executionId="a81bf9c1-49f6-42e6-a12d-203e32683cd9" testId="3631706c-b34d-8235-8534-b62813e12c36" testName="CampusEvents.Tests.EmailValidatorTests.Local_part_length_boundary_is_enforced(length: 64, expected: True)" computerName="MATTHEW-SAB" duration="00:00:00.0000432" startTime="2026-09-30T08:06:59.1101907+08:00" endTime="2026-09-30T08:06:59.1102125+08:00" testType="13cdc9d9-ddb5-4fa4-a97d-d965ccfc6d4b" outcome="Passed" testListId="8c84fa94-04c1-424b-9868-57a2d4851a1d" relativeResultsDirectory="a81bf9c1-49f6-42e6-a12d-203e32683cd9" />
    <UnitTestResult executionId="9784e531-941b-46b1-81c9-3d0cd964eab4" testId="d1ed2d30-9964-54ac-373b-8850d5023dfa" testName="CampusEvents.Tests.EmailValidatorTests.Invalid_refactor_input_never_attempts_a_database_connection" computerName="MATTHEW-SAB" duration="00:00:00.0025663" startTime="2026-09-30T08:06:59.1333479+08:00" endTime="2026-09-30T08:06:59.1333671+08:00" testType="13cdc9d9-ddb5-4fa4-a97d-d965ccfc6d4b" outcome="Passed" testListId="8c84fa94-04c1-424b-9868-57a2d4851a1d" relativeResultsDirectory="9784e531-941b-46b1-81c9-3d0cd964eab4" />
    <UnitTestResult executionId="fe5b5073-512e-459e-98b0-11edaf0da86f" testId="f30095d3-3a4f-c4ea-0d3d-471fadd84e06" testName="CampusEvents.Tests.EmailValidatorTests.Malformed_input_is_rejected_before_consulting_policy(email: &quot;Student &lt;student@dlsud.edu.ph&gt;&quot;)" computerName="MATTHEW-SAB" duration="00:00:00.0000075" startTime="2026-09-30T08:06:59.1329363+08:00" endTime="2026-09-30T08:06:59.1329585+08:00" testType="13cdc9d9-ddb5-4fa4-a97d-d965ccfc6d4b" outcome="Passed" testListId="8c84fa94-04c1-424b-9868-57a2d4851a1d" relativeResultsDirectory="fe5b5073-512e-459e-98b0-11edaf0da86f" />
    <UnitTestResult executionId="71818bfc-74b6-40ff-98f7-1f8af81a0c17" testId="b4b580f9-be82-eeed-0b65-9283cfd1b752" testName="CampusEvents.Tests.EmailValidatorTests.Valid_campus_email_is_accepted(email: &quot;student+club@dlsud.edu.ph&quot;)" computerName="MATTHEW-SAB" duration="00:00:00.0000252" startTime="2026-09-30T08:06:59.1093230+08:00" endTime="2026-09-30T08:06:59.1093424+08:00" testType="13cdc9d9-ddb5-4fa4-a97d-d965ccfc6d4b" outcome="Passed" testListId="8c84fa94-04c1-424b-9868-57a2d4851a1d" relativeResultsDirectory="71818bfc-74b6-40ff-98f7-1f8af81a0c17" />
    <UnitTestResult executionId="cab81b70-6051-47b9-9325-efd5dcc72444" testId="0bb03ba6-f86b-cbcd-332a-08e0d626dde9" testName="CampusEvents.Tests.EmailValidatorTests.Malformed_input_is_rejected_before_consulting_policy(email: null)" computerName="MATTHEW-SAB" duration="00:00:00.0000206" startTime="2026-09-30T08:06:59.1313897+08:00" endTime="2026-09-30T08:06:59.1314092+08:00" testType="13cdc9d9-ddb5-4fa4-a97d-d965ccfc6d4b" outcome="Passed" testListId="8c84fa94-04c1-424b-9868-57a2d4851a1d" relativeResultsDirectory="cab81b70-6051-47b9-9325-efd5dcc72444" />
    <UnitTestResult executionId="edeb3624-bf11-419b-9396-e428b36a84b8" testId="e3bb8989-fe34-4302-4612-e9c588d09efe" testName="CampusEvents.Tests.EmailValidatorTests.Other_domains_are_rejected(email: &quot;student@fakedlsud.edu.ph&quot;)" computerName="MATTHEW-SAB" duration="00:00:00.0000081" startTime="2026-09-30T08:06:59.1332231+08:00" endTime="2026-09-30T08:06:59.1332416+08:00" testType="13cdc9d9-ddb5-4fa4-a97d-d965ccfc6d4b" outcome="Passed" testListId="8c84fa94-04c1-424b-9868-57a2d4851a1d" relativeResultsDirectory="edeb3624-bf11-419b-9396-e428b36a84b8" />
    <UnitTestResult executionId="3a3cd843-9164-4e51-8b08-9c096e3501c8" testId="5f4cb460-ec66-7419-dec0-d086dbbe5ad8" testName="CampusEvents.Tests.EmailValidatorTests.Valid_campus_email_is_accepted(email: &quot;student@dlsud.edu.ph&quot;)" computerName="MATTHEW-SAB" duration="00:00:00.0000490" startTime="2026-09-30T08:06:59.1092465+08:00" endTime="2026-09-30T08:06:59.1092707+08:00" testType="13cdc9d9-ddb5-4fa4-a97d-d965ccfc6d4b" outcome="Passed" testListId="8c84fa94-04c1-424b-9868-57a2d4851a1d" relativeResultsDirectory="3a3cd843-9164-4e51-8b08-9c096e3501c8" />
    <UnitTestResult executionId="515888c4-ebc1-4aa7-87a1-b4beb24aab7a" testId="6d464aaa-6ada-332a-3553-cb434b89a219" testName="CampusEvents.Tests.EmailValidatorTests.Malformed_input_is_rejected_before_consulting_policy(email: &quot;.student@dlsud.edu.ph&quot;)" computerName="MATTHEW-SAB" duration="00:00:00.0000252" startTime="2026-09-30T08:06:59.1313335+08:00" endTime="2026-09-30T08:06:59.1313534+08:00" testType="13cdc9d9-ddb5-4fa4-a97d-d965ccfc6d4b" outcome="Passed" testListId="8c84fa94-04c1-424b-9868-57a2d4851a1d" relativeResultsDirectory="515888c4-ebc1-4aa7-87a1-b4beb24aab7a" />
    <UnitTestResult executionId="35ae3fc2-542b-4108-8e75-cb210ca448fb" testId="4d33d256-bf03-0a96-f755-9de95f700ed4" testName="CampusEvents.Tests.EmailValidatorTests.Other_domains_are_rejected(email: &quot;student@sub.dlsud.edu.ph&quot;)" computerName="MATTHEW-SAB" duration="00:00:00.0000135" startTime="2026-09-30T08:06:59.1331733+08:00" endTime="2026-09-30T08:06:59.1331921+08:00" testType="13cdc9d9-ddb5-4fa4-a97d-d965ccfc6d4b" outcome="Passed" testListId="8c84fa94-04c1-424b-9868-57a2d4851a1d" relativeResultsDirectory="35ae3fc2-542b-4108-8e75-cb210ca448fb" />
    <UnitTestResult executionId="f4e0393e-c799-4880-add2-cd8c6e57ecad" testId="6479ee78-be87-0186-cdfc-3baac5fd62bb" testName="CampusEvents.Tests.EmailValidatorTests.Valid_campus_email_is_accepted(email: &quot;  student@dlsud.edu.ph  &quot;)" computerName="MATTHEW-SAB" duration="00:00:00.0006021" startTime="2026-09-30T08:06:59.1086980+08:00" endTime="2026-09-30T08:06:59.1087460+08:00" testType="13cdc9d9-ddb5-4fa4-a97d-d965ccfc6d4b" outcome="Passed" testListId="8c84fa94-04c1-424b-9868-57a2d4851a1d" relativeResultsDirectory="f4e0393e-c799-4880-add2-cd8c6e57ecad" />
    <UnitTestResult executionId="384c55f5-8ee2-4ec6-941b-e8b097065d9f" testId="2937a8e9-8fcf-e798-a337-c793c4b91277" testName="CampusEvents.Tests.EmailValidatorTests.Local_part_length_boundary_is_enforced(length: 255, expected: False)" computerName="MATTHEW-SAB" duration="00:00:00.0004259" startTime="2026-09-30T08:06:59.1101217+08:00" endTime="2026-09-30T08:06:59.1101507+08:00" testType="13cdc9d9-ddb5-4fa4-a97d-d965ccfc6d4b" outcome="Passed" testListId="8c84fa94-04c1-424b-9868-57a2d4851a1d" relativeResultsDirectory="384c55f5-8ee2-4ec6-941b-e8b097065d9f" />
    <UnitTestResult executionId="d512eac5-c31b-4f23-8190-31ad5fe31191" testId="42a70c88-89c9-4dbd-3cc4-c49c42fcf7c0" testName="CampusEvents.Tests.EmailValidatorTests.Malformed_input_is_rejected_before_consulting_policy(email: &quot;&quot;)" computerName="MATTHEW-SAB" duration="00:00:00.0000078" startTime="2026-09-30T08:06:59.1328171+08:00" endTime="2026-09-30T08:06:59.1328519+08:00" testType="13cdc9d9-ddb5-4fa4-a97d-d965ccfc6d4b" outcome="Passed" testListId="8c84fa94-04c1-424b-9868-57a2d4851a1d" relativeResultsDirectory="d512eac5-c31b-4f23-8190-31ad5fe31191" />
    <UnitTestResult executionId="d386b7b8-a706-4bd4-8a93-118a1f47ee04" testId="3a7be1be-0b54-024b-890c-ee191ca61b90" testName="CampusEvents.Tests.EmailValidatorTests.Local_part_length_boundary_is_enforced(length: 65, expected: False)" computerName="MATTHEW-SAB" duration="00:00:00.0027591" startTime="2026-09-30T08:06:59.1100398+08:00" endTime="2026-09-30T08:06:59.1100640+08:00" testType="13cdc9d9-ddb5-4fa4-a97d-d965ccfc6d4b" outcome="Passed" testListId="8c84fa94-04c1-424b-9868-57a2d4851a1d" relativeResultsDirectory="d386b7b8-a706-4bd4-8a93-118a1f47ee04" />
    <UnitTestResult executionId="eff6b268-2c72-498a-b0c5-db9b03f57582" testId="92ac2f0d-ac65-239a-b994-c85041a15fb5" testName="CampusEvents.Tests.EmailValidatorTests.Malformed_input_is_rejected_before_consulting_policy(email: &quot;student\0@dlsud.edu.ph&quot;)" computerName="MATTHEW-SAB" duration="00:00:00.0000113" startTime="2026-09-30T08:06:59.1314400+08:00" endTime="2026-09-30T08:06:59.1314593+08:00" testType="13cdc9d9-ddb5-4fa4-a97d-d965ccfc6d4b" outcome="Passed" testListId="8c84fa94-04c1-424b-9868-57a2d4851a1d" relativeResultsDirectory="eff6b268-2c72-498a-b0c5-db9b03f57582" />
    <UnitTestResult executionId="74c21c5f-31df-43bc-99bc-47b903b9e615" testId="75bcafea-841c-10a1-7fa0-c07b8930a9b7" testName="CampusEvents.Tests.EmailValidatorTests.Other_domains_are_rejected(email: &quot;student@dlsud.edu.ph.evil.test&quot;)" computerName="MATTHEW-SAB" duration="00:00:00.0001428" startTime="2026-09-30T08:06:59.1331218+08:00" endTime="2026-09-30T08:06:59.1331413+08:00" testType="13cdc9d9-ddb5-4fa4-a97d-d965ccfc6d4b" outcome="Passed" testListId="8c84fa94-04c1-424b-9868-57a2d4851a1d" relativeResultsDirectory="74c21c5f-31df-43bc-99bc-47b903b9e615" />
    <UnitTestResult executionId="e9a6b65b-ea37-4623-89c1-7d6da3262589" testId="a1987f51-6407-dccd-c9b6-64db4db9529f" testName="CampusEvents.Tests.EmailValidatorTests.Valid_campus_email_is_accepted(email: &quot;john.alec@dlsud.edu.ph&quot;)" computerName="MATTHEW-SAB" duration="00:00:00.0000116" startTime="2026-09-30T08:06:59.1093753+08:00" endTime="2026-09-30T08:06:59.1093949+08:00" testType="13cdc9d9-ddb5-4fa4-a97d-d965ccfc6d4b" outcome="Passed" testListId="8c84fa94-04c1-424b-9868-57a2d4851a1d" relativeResultsDirectory="e9a6b65b-ea37-4623-89c1-7d6da3262589" />
    <UnitTestResult executionId="2f9cbd3d-0a8a-4fcc-8183-09d6691dcd0f" testId="8bf42c50-aae9-e528-a99f-1417108761fc" testName="CampusEvents.Tests.EmailValidatorTests.Malformed_input_is_rejected_before_consulting_policy(email: &quot;student@dlsud.edu.ph\nInjected: header&quot;)" computerName="MATTHEW-SAB" duration="00:00:00.0001167" startTime="2026-09-30T08:06:59.1312192+08:00" endTime="2026-09-30T08:06:59.1312414+08:00" testType="13cdc9d9-ddb5-4fa4-a97d-d965ccfc6d4b" outcome="Passed" testListId="8c84fa94-04c1-424b-9868-57a2d4851a1d" relativeResultsDirectory="2f9cbd3d-0a8a-4fcc-8183-09d6691dcd0f" />
    <UnitTestResult executionId="9c4e6aa5-f07c-4961-a872-2933c55f56d1" testId="a6ae1fe8-614a-a18c-a47d-38bf6f190110" testName="CampusEvents.Tests.EmailValidatorTests.Malformed_input_is_rejected_before_consulting_policy(email: &quot;student&quot;)" computerName="MATTHEW-SAB" duration="00:00:00.0000085" startTime="2026-09-30T08:06:59.1314908+08:00" endTime="2026-09-30T08:06:59.1315145+08:00" testType="13cdc9d9-ddb5-4fa4-a97d-d965ccfc6d4b" outcome="Passed" testListId="8c84fa94-04c1-424b-9868-57a2d4851a1d" relativeResultsDirectory="9c4e6aa5-f07c-4961-a872-2933c55f56d1" />
    <UnitTestResult executionId="13589ffe-aad1-4c8e-b003-a718cc83d354" testId="f8e86e41-388b-70b0-a525-94890a35d34d" testName="CampusEvents.Tests.EmailValidatorTests.A_changed_external_domain_policy_is_mocked" computerName="MATTHEW-SAB" duration="00:00:00.0005282" startTime="2026-09-30T08:06:59.1332868+08:00" endTime="2026-09-30T08:06:59.1333059+08:00" testType="13cdc9d9-ddb5-4fa4-a97d-d965ccfc6d4b" outcome="Passed" testListId="8c84fa94-04c1-424b-9868-57a2d4851a1d" relativeResultsDirectory="13589ffe-aad1-4c8e-b003-a718cc83d354" />
    <UnitTestResult executionId="d993a361-0145-428b-adbc-2759a75394c7" testId="ccaed041-8cb2-ca44-a329-233a5d56a4f2" testName="CampusEvents.Tests.EmailValidatorTests.Valid_campus_email_is_accepted(email: &quot;STUDENT@DLSUD.EDU.PH&quot;)" computerName="MATTHEW-SAB" duration="00:00:00.0468005" startTime="2026-09-30T08:06:59.0473612+08:00" endTime="2026-09-30T08:06:59.1006799+08:00" testType="13cdc9d9-ddb5-4fa4-a97d-d965ccfc6d4b" outcome="Passed" testListId="8c84fa94-04c1-424b-9868-57a2d4851a1d" relativeResultsDirectory="d993a361-0145-428b-adbc-2759a75394c7" />
    <UnitTestResult executionId="658394d9-f862-4042-bd9c-85eb7e8e0bed" testId="3c740299-9bcf-0955-edac-4d3660784734" testName="CampusEvents.Tests.EmailValidatorTests.Malformed_input_is_rejected_before_consulting_policy(email: &quot;@dlsud.edu.ph&quot;)" computerName="MATTHEW-SAB" duration="00:00:00.0006360" startTime="2026-09-30T08:06:59.1102819+08:00" endTime="2026-09-30T08:06:59.1103030+08:00" testType="13cdc9d9-ddb5-4fa4-a97d-d965ccfc6d4b" outcome="Passed" testListId="8c84fa94-04c1-424b-9868-57a2d4851a1d" relativeResultsDirectory="658394d9-f862-4042-bd9c-85eb7e8e0bed" />
    <UnitTestResult executionId="35a922d7-60c2-4f59-b738-4c25fdbe6c02" testId="aaadf4b2-5c09-659d-56ed-3d6a75a4f999" testName="CampusEvents.Tests.EmailValidatorTests.Malformed_input_is_rejected_before_consulting_policy(email: &quot;student name@dlsud.edu.ph&quot;)" computerName="MATTHEW-SAB" duration="00:00:00.0001693" startTime="2026-09-30T08:06:59.1309100+08:00" endTime="2026-09-30T08:06:59.1309496+08:00" testType="13cdc9d9-ddb5-4fa4-a97d-d965ccfc6d4b" outcome="Passed" testListId="8c84fa94-04c1-424b-9868-57a2d4851a1d" relativeResultsDirectory="35a922d7-60c2-4f59-b738-4c25fdbe6c02" />
    <UnitTestResult executionId="d91c9a5a-1cd9-43fb-aff4-d5267b874fa0" testId="468ff204-7cf6-70ee-308f-03f5c7facc1a" testName="CampusEvents.Tests.EmailValidatorTests.Malformed_input_is_rejected_before_consulting_policy(email: &quot;   &quot;)" computerName="MATTHEW-SAB" duration="00:00:00.0000072" startTime="2026-09-30T08:06:59.1329958+08:00" endTime="2026-09-30T08:06:59.1330163+08:00" testType="13cdc9d9-ddb5-4fa4-a97d-d965ccfc6d4b" outcome="Passed" testListId="8c84fa94-04c1-424b-9868-57a2d4851a1d" relativeResultsDirectory="d91c9a5a-1cd9-43fb-aff4-d5267b874fa0" />
    <UnitTestResult executionId="689c4040-16c5-45ed-96bd-2bfadc1520a5" testId="6a48a229-098c-8cfe-ca51-7008472a7b9f" testName="CampusEvents.Tests.EmailValidatorTests.Malformed_input_is_rejected_before_consulting_policy(email: &quot;student@@dlsud.edu.ph&quot;)" computerName="MATTHEW-SAB" duration="00:00:00.0000248" startTime="2026-09-30T08:06:59.1312777+08:00" endTime="2026-09-30T08:06:59.1312984+08:00" testType="13cdc9d9-ddb5-4fa4-a97d-d965ccfc6d4b" outcome="Passed" testListId="8c84fa94-04c1-424b-9868-57a2d4851a1d" relativeResultsDirectory="689c4040-16c5-45ed-96bd-2bfadc1520a5" />
    <UnitTestResult executionId="b13cd248-7140-4bc7-a32d-33012ce8b5d5" testId="ae15ce95-cb2f-94d8-87d2-0f431864b0bd" testName="CampusEvents.Tests.EmailValidatorTests.Malformed_input_is_rejected_before_consulting_policy(email: &quot;student.@dlsud.edu.ph&quot;)" computerName="MATTHEW-SAB" duration="00:00:00.0000276" startTime="2026-09-30T08:06:59.1311421+08:00" endTime="2026-09-30T08:06:59.1311681+08:00" testType="13cdc9d9-ddb5-4fa4-a97d-d965ccfc6d4b" outcome="Passed" testListId="8c84fa94-04c1-424b-9868-57a2d4851a1d" relativeResultsDirectory="b13cd248-7140-4bc7-a32d-33012ce8b5d5" />
    <UnitTestResult executionId="4992b358-a097-46de-8ea2-73442db48035" testId="80cf0f58-7672-8530-4130-a236bed8d4ad" testName="CampusEvents.Tests.EmailValidatorTests.Malformed_input_is_rejected_before_consulting_policy(email: &quot;student..name@dlsud.edu.ph&quot;)" computerName="MATTHEW-SAB" duration="00:00:00.0000090" startTime="2026-09-30T08:06:59.1315475+08:00" endTime="2026-09-30T08:06:59.1315671+08:00" testType="13cdc9d9-ddb5-4fa4-a97d-d965ccfc6d4b" outcome="Passed" testListId="8c84fa94-04c1-424b-9868-57a2d4851a1d" relativeResultsDirectory="4992b358-a097-46de-8ea2-73442db48035" />
  </Results>
  <TestDefinitions>
    <UnitTest name="CampusEvents.Tests.EmailValidatorTests.A_changed_external_domain_policy_is_mocked" storage="c:\users\victus\documents\itpe-lab-midterm\tests\campusevents.tests\bin\debug\net10.0\campusevents.tests.dll" id="f8e86e41-388b-70b0-a525-94890a35d34d">
      <Execution id="13589ffe-aad1-4c8e-b003-a718cc83d354" />
      <TestMethod codeBase="C:\Users\VICTUS\Documents\ITPE-LAB-MIDTERM\tests\CampusEvents.Tests\bin\Debug\net10.0\CampusEvents.Tests.dll" adapterTypeName="executor://xunit/VsTestRunner3/netcore/" className="CampusEvents.Tests.EmailValidatorTests" name="A_changed_external_domain_policy_is_mocked" />
    </UnitTest>
    <UnitTest name="CampusEvents.Tests.EmailValidatorTests.Valid_campus_email_is_accepted(email: &quot;john.alec@dlsud.edu.ph&quot;)" storage="c:\users\victus\documents\itpe-lab-midterm\tests\campusevents.tests\bin\debug\net10.0\campusevents.tests.dll" id="a1987f51-6407-dccd-c9b6-64db4db9529f">
      <Execution id="e9a6b65b-ea37-4623-89c1-7d6da3262589" />
      <TestMethod codeBase="C:\Users\VICTUS\Documents\ITPE-LAB-MIDTERM\tests\CampusEvents.Tests\bin\Debug\net10.0\CampusEvents.Tests.dll" adapterTypeName="executor://xunit/VsTestRunner3/netcore/" className="CampusEvents.Tests.EmailValidatorTests" name="Valid_campus_email_is_accepted" />
    </UnitTest>
    <UnitTest name="CampusEvents.Tests.EmailValidatorTests.Malformed_input_is_rejected_before_consulting_policy(email: &quot;student.@dlsud.edu.ph&quot;)" storage="c:\users\victus\documents\itpe-lab-midterm\tests\campusevents.tests\bin\debug\net10.0\campusevents.tests.dll" id="ae15ce95-cb2f-94d8-87d2-0f431864b0bd">
      <Execution id="b13cd248-7140-4bc7-a32d-33012ce8b5d5" />
      <TestMethod codeBase="C:\Users\VICTUS\Documents\ITPE-LAB-MIDTERM\tests\CampusEvents.Tests\bin\Debug\net10.0\CampusEvents.Tests.dll" adapterTypeName="executor://xunit/VsTestRunner3/netcore/" className="CampusEvents.Tests.EmailValidatorTests" name="Malformed_input_is_rejected_before_consulting_policy" />
    </UnitTest>
    <UnitTest name="CampusEvents.Tests.EmailValidatorTests.Other_domains_are_rejected(email: &quot;student@dlsud.edu.ph.evil.test&quot;)" storage="c:\users\victus\documents\itpe-lab-midterm\tests\campusevents.tests\bin\debug\net10.0\campusevents.tests.dll" id="75bcafea-841c-10a1-7fa0-c07b8930a9b7">
      <Execution id="74c21c5f-31df-43bc-99bc-47b903b9e615" />
      <TestMethod codeBase="C:\Users\VICTUS\Documents\ITPE-LAB-MIDTERM\tests\CampusEvents.Tests\bin\Debug\net10.0\CampusEvents.Tests.dll" adapterTypeName="executor://xunit/VsTestRunner3/netcore/" className="CampusEvents.Tests.EmailValidatorTests" name="Other_domains_are_rejected" />
    </UnitTest>
    <UnitTest name="CampusEvents.Tests.EmailValidatorTests.Malformed_input_is_rejected_before_consulting_policy(email: &quot;Student &lt;student@dlsud.edu.ph&gt;&quot;)" storage="c:\users\victus\documents\itpe-lab-midterm\tests\campusevents.tests\bin\debug\net10.0\campusevents.tests.dll" id="f30095d3-3a4f-c4ea-0d3d-471fadd84e06">
      <Execution id="fe5b5073-512e-459e-98b0-11edaf0da86f" />
      <TestMethod codeBase="C:\Users\VICTUS\Documents\ITPE-LAB-MIDTERM\tests\CampusEvents.Tests\bin\Debug\net10.0\CampusEvents.Tests.dll" adapterTypeName="executor://xunit/VsTestRunner3/netcore/" className="CampusEvents.Tests.EmailValidatorTests" name="Malformed_input_is_rejected_before_consulting_policy" />
    </UnitTest>
    <UnitTest name="CampusEvents.Tests.EmailValidatorTests.Malformed_input_is_rejected_before_consulting_policy(email: &quot;student@dlsud.edu.ph\nInjected: header&quot;)" storage="c:\users\victus\documents\itpe-lab-midterm\tests\campusevents.tests\bin\debug\net10.0\campusevents.tests.dll" id="8bf42c50-aae9-e528-a99f-1417108761fc">
      <Execution id="2f9cbd3d-0a8a-4fcc-8183-09d6691dcd0f" />
      <TestMethod codeBase="C:\Users\VICTUS\Documents\ITPE-LAB-MIDTERM\tests\CampusEvents.Tests\bin\Debug\net10.0\CampusEvents.Tests.dll" adapterTypeName="executor://xunit/VsTestRunner3/netcore/" className="CampusEvents.Tests.EmailValidatorTests" name="Malformed_input_is_rejected_before_consulting_policy" />
    </UnitTest>
    <UnitTest name="CampusEvents.Tests.EmailValidatorTests.Malformed_input_is_rejected_before_consulting_policy(email: &quot;student&quot;)" storage="c:\users\victus\documents\itpe-lab-midterm\tests\campusevents.tests\bin\debug\net10.0\campusevents.tests.dll" id="a6ae1fe8-614a-a18c-a47d-38bf6f190110">
      <Execution id="9c4e6aa5-f07c-4961-a872-2933c55f56d1" />
      <TestMethod codeBase="C:\Users\VICTUS\Documents\ITPE-LAB-MIDTERM\tests\CampusEvents.Tests\bin\Debug\net10.0\CampusEvents.Tests.dll" adapterTypeName="executor://xunit/VsTestRunner3/netcore/" className="CampusEvents.Tests.EmailValidatorTests" name="Malformed_input_is_rejected_before_consulting_policy" />
    </UnitTest>
    <UnitTest name="CampusEvents.Tests.EmailValidatorTests.Malformed_input_is_rejected_before_consulting_policy(email: &quot;.student@dlsud.edu.ph&quot;)" storage="c:\users\victus\documents\itpe-lab-midterm\tests\campusevents.tests\bin\debug\net10.0\campusevents.tests.dll" id="6d464aaa-6ada-332a-3553-cb434b89a219">
      <Execution id="515888c4-ebc1-4aa7-87a1-b4beb24aab7a" />
      <TestMethod codeBase="C:\Users\VICTUS\Documents\ITPE-LAB-MIDTERM\tests\CampusEvents.Tests\bin\Debug\net10.0\CampusEvents.Tests.dll" adapterTypeName="executor://xunit/VsTestRunner3/netcore/" className="CampusEvents.Tests.EmailValidatorTests" name="Malformed_input_is_rejected_before_consulting_policy" />
    </UnitTest>
    <UnitTest name="CampusEvents.Tests.EmailValidatorTests.Valid_campus_email_is_accepted(email: &quot;STUDENT@DLSUD.EDU.PH&quot;)" storage="c:\users\victus\documents\itpe-lab-midterm\tests\campusevents.tests\bin\debug\net10.0\campusevents.tests.dll" id="ccaed041-8cb2-ca44-a329-233a5d56a4f2">
      <Execution id="d993a361-0145-428b-adbc-2759a75394c7" />
      <TestMethod codeBase="C:\Users\VICTUS\Documents\ITPE-LAB-MIDTERM\tests\CampusEvents.Tests\bin\Debug\net10.0\CampusEvents.Tests.dll" adapterTypeName="executor://xunit/VsTestRunner3/netcore/" className="CampusEvents.Tests.EmailValidatorTests" name="Valid_campus_email_is_accepted" />
    </UnitTest>
    <UnitTest name="CampusEvents.Tests.EmailValidatorTests.Valid_campus_email_is_accepted(email: &quot;student+club@dlsud.edu.ph&quot;)" storage="c:\users\victus\documents\itpe-lab-midterm\tests\campusevents.tests\bin\debug\net10.0\campusevents.tests.dll" id="b4b580f9-be82-eeed-0b65-9283cfd1b752">
      <Execution id="71818bfc-74b6-40ff-98f7-1f8af81a0c17" />
      <TestMethod codeBase="C:\Users\VICTUS\Documents\ITPE-LAB-MIDTERM\tests\CampusEvents.Tests\bin\Debug\net10.0\CampusEvents.Tests.dll" adapterTypeName="executor://xunit/VsTestRunner3/netcore/" className="CampusEvents.Tests.EmailValidatorTests" name="Valid_campus_email_is_accepted" />
    </UnitTest>
    <UnitTest name="CampusEvents.Tests.EmailValidatorTests.Malformed_input_is_rejected_before_consulting_policy(email: null)" storage="c:\users\victus\documents\itpe-lab-midterm\tests\campusevents.tests\bin\debug\net10.0\campusevents.tests.dll" id="0bb03ba6-f86b-cbcd-332a-08e0d626dde9">
      <Execution id="cab81b70-6051-47b9-9325-efd5dcc72444" />
      <TestMethod codeBase="C:\Users\VICTUS\Documents\ITPE-LAB-MIDTERM\tests\CampusEvents.Tests\bin\Debug\net10.0\CampusEvents.Tests.dll" adapterTypeName="executor://xunit/VsTestRunner3/netcore/" className="CampusEvents.Tests.EmailValidatorTests" name="Malformed_input_is_rejected_before_consulting_policy" />
    </UnitTest>
    <UnitTest name="CampusEvents.Tests.EmailValidatorTests.Local_part_length_boundary_is_enforced(length: 65, expected: False)" storage="c:\users\victus\documents\itpe-lab-midterm\tests\campusevents.tests\bin\debug\net10.0\campusevents.tests.dll" id="3a7be1be-0b54-024b-890c-ee191ca61b90">
      <Execution id="d386b7b8-a706-4bd4-8a93-118a1f47ee04" />
      <TestMethod codeBase="C:\Users\VICTUS\Documents\ITPE-LAB-MIDTERM\tests\CampusEvents.Tests\bin\Debug\net10.0\CampusEvents.Tests.dll" adapterTypeName="executor://xunit/VsTestRunner3/netcore/" className="CampusEvents.Tests.EmailValidatorTests" name="Local_part_length_boundary_is_enforced" />
    </UnitTest>
    <UnitTest name="CampusEvents.Tests.EmailValidatorTests.Malformed_input_is_rejected_before_consulting_policy(email: &quot;student name@dlsud.edu.ph&quot;)" storage="c:\users\victus\documents\itpe-lab-midterm\tests\campusevents.tests\bin\debug\net10.0\campusevents.tests.dll" id="aaadf4b2-5c09-659d-56ed-3d6a75a4f999">
      <Execution id="35a922d7-60c2-4f59-b738-4c25fdbe6c02" />
      <TestMethod codeBase="C:\Users\VICTUS\Documents\ITPE-LAB-MIDTERM\tests\CampusEvents.Tests\bin\Debug\net10.0\CampusEvents.Tests.dll" adapterTypeName="executor://xunit/VsTestRunner3/netcore/" className="CampusEvents.Tests.EmailValidatorTests" name="Malformed_input_is_rejected_before_consulting_policy" />
    </UnitTest>
    <UnitTest name="CampusEvents.Tests.EmailValidatorTests.Malformed_input_is_rejected_before_consulting_policy(email: &quot;   &quot;)" storage="c:\users\victus\documents\itpe-lab-midterm\tests\campusevents.tests\bin\debug\net10.0\campusevents.tests.dll" id="468ff204-7cf6-70ee-308f-03f5c7facc1a">
      <Execution id="d91c9a5a-1cd9-43fb-aff4-d5267b874fa0" />
      <TestMethod codeBase="C:\Users\VICTUS\Documents\ITPE-LAB-MIDTERM\tests\CampusEvents.Tests\bin\Debug\net10.0\CampusEvents.Tests.dll" adapterTypeName="executor://xunit/VsTestRunner3/netcore/" className="CampusEvents.Tests.EmailValidatorTests" name="Malformed_input_is_rejected_before_consulting_policy" />
    </UnitTest>
    <UnitTest name="CampusEvents.Tests.EmailValidatorTests.Invalid_refactor_input_never_attempts_a_database_connection" storage="c:\users\victus\documents\itpe-lab-midterm\tests\campusevents.tests\bin\debug\net10.0\campusevents.tests.dll" id="d1ed2d30-9964-54ac-373b-8850d5023dfa">
      <Execution id="9784e531-941b-46b1-81c9-3d0cd964eab4" />
      <TestMethod codeBase="C:\Users\VICTUS\Documents\ITPE-LAB-MIDTERM\tests\CampusEvents.Tests\bin\Debug\net10.0\CampusEvents.Tests.dll" adapterTypeName="executor://xunit/VsTestRunner3/netcore/" className="CampusEvents.Tests.EmailValidatorTests" name="Invalid_refactor_input_never_attempts_a_database_connection" />
    </UnitTest>
    <UnitTest name="CampusEvents.Tests.EmailValidatorTests.Other_domains_are_rejected(email: &quot;student@gmail.com&quot;)" storage="c:\users\victus\documents\itpe-lab-midterm\tests\campusevents.tests\bin\debug\net10.0\campusevents.tests.dll" id="8deb5031-ec7f-d5c2-c182-4366f36d480f">
      <Execution id="6cf82bad-bd43-4246-b504-07cbc2e70786" />
      <TestMethod codeBase="C:\Users\VICTUS\Documents\ITPE-LAB-MIDTERM\tests\CampusEvents.Tests\bin\Debug\net10.0\CampusEvents.Tests.dll" adapterTypeName="executor://xunit/VsTestRunner3/netcore/" className="CampusEvents.Tests.EmailValidatorTests" name="Other_domains_are_rejected" />
    </UnitTest>
    <UnitTest name="CampusEvents.Tests.EmailValidatorTests.Local_part_length_boundary_is_enforced(length: 255, expected: False)" storage="c:\users\victus\documents\itpe-lab-midterm\tests\campusevents.tests\bin\debug\net10.0\campusevents.tests.dll" id="2937a8e9-8fcf-e798-a337-c793c4b91277">
      <Execution id="384c55f5-8ee2-4ec6-941b-e8b097065d9f" />
      <TestMethod codeBase="C:\Users\VICTUS\Documents\ITPE-LAB-MIDTERM\tests\CampusEvents.Tests\bin\Debug\net10.0\CampusEvents.Tests.dll" adapterTypeName="executor://xunit/VsTestRunner3/netcore/" className="CampusEvents.Tests.EmailValidatorTests" name="Local_part_length_boundary_is_enforced" />
    </UnitTest>
    <UnitTest name="CampusEvents.Tests.EmailValidatorTests.Valid_campus_email_is_accepted(email: &quot;  student@dlsud.edu.ph  &quot;)" storage="c:\users\victus\documents\itpe-lab-midterm\tests\campusevents.tests\bin\debug\net10.0\campusevents.tests.dll" id="6479ee78-be87-0186-cdfc-3baac5fd62bb">
      <Execution id="f4e0393e-c799-4880-add2-cd8c6e57ecad" />
      <TestMethod codeBase="C:\Users\VICTUS\Documents\ITPE-LAB-MIDTERM\tests\CampusEvents.Tests\bin\Debug\net10.0\CampusEvents.Tests.dll" adapterTypeName="executor://xunit/VsTestRunner3/netcore/" className="CampusEvents.Tests.EmailValidatorTests" name="Valid_campus_email_is_accepted" />
    </UnitTest>
    <UnitTest name="CampusEvents.Tests.EmailValidatorTests.Valid_campus_email_is_accepted(email: &quot;student@dlsud.edu.ph&quot;)" storage="c:\users\victus\documents\itpe-lab-midterm\tests\campusevents.tests\bin\debug\net10.0\campusevents.tests.dll" id="5f4cb460-ec66-7419-dec0-d086dbbe5ad8">
      <Execution id="3a3cd843-9164-4e51-8b08-9c096e3501c8" />
      <TestMethod codeBase="C:\Users\VICTUS\Documents\ITPE-LAB-MIDTERM\tests\CampusEvents.Tests\bin\Debug\net10.0\CampusEvents.Tests.dll" adapterTypeName="executor://xunit/VsTestRunner3/netcore/" className="CampusEvents.Tests.EmailValidatorTests" name="Valid_campus_email_is_accepted" />
    </UnitTest>
    <UnitTest name="CampusEvents.Tests.EmailValidatorTests.Malformed_input_is_rejected_before_consulting_policy(email: &quot;student@@dlsud.edu.ph&quot;)" storage="c:\users\victus\documents\itpe-lab-midterm\tests\campusevents.tests\bin\debug\net10.0\campusevents.tests.dll" id="6a48a229-098c-8cfe-ca51-7008472a7b9f">
      <Execution id="689c4040-16c5-45ed-96bd-2bfadc1520a5" />
      <TestMethod codeBase="C:\Users\VICTUS\Documents\ITPE-LAB-MIDTERM\tests\CampusEvents.Tests\bin\Debug\net10.0\CampusEvents.Tests.dll" adapterTypeName="executor://xunit/VsTestRunner3/netcore/" className="CampusEvents.Tests.EmailValidatorTests" name="Malformed_input_is_rejected_before_consulting_policy" />
    </UnitTest>
    <UnitTest name="CampusEvents.Tests.EmailValidatorTests.Local_part_length_boundary_is_enforced(length: 64, expected: True)" storage="c:\users\victus\documents\itpe-lab-midterm\tests\campusevents.tests\bin\debug\net10.0\campusevents.tests.dll" id="3631706c-b34d-8235-8534-b62813e12c36">
      <Execution id="a81bf9c1-49f6-42e6-a12d-203e32683cd9" />
      <TestMethod codeBase="C:\Users\VICTUS\Documents\ITPE-LAB-MIDTERM\tests\CampusEvents.Tests\bin\Debug\net10.0\CampusEvents.Tests.dll" adapterTypeName="executor://xunit/VsTestRunner3/netcore/" className="CampusEvents.Tests.EmailValidatorTests" name="Local_part_length_boundary_is_enforced" />
    </UnitTest>
    <UnitTest name="CampusEvents.Tests.EmailValidatorTests.Malformed_input_is_rejected_before_consulting_policy(email: &quot;student\0@dlsud.edu.ph&quot;)" storage="c:\users\victus\documents\itpe-lab-midterm\tests\campusevents.tests\bin\debug\net10.0\campusevents.tests.dll" id="92ac2f0d-ac65-239a-b994-c85041a15fb5">
      <Execution id="eff6b268-2c72-498a-b0c5-db9b03f57582" />
      <TestMethod codeBase="C:\Users\VICTUS\Documents\ITPE-LAB-MIDTERM\tests\CampusEvents.Tests\bin\Debug\net10.0\CampusEvents.Tests.dll" adapterTypeName="executor://xunit/VsTestRunner3/netcore/" className="CampusEvents.Tests.EmailValidatorTests" name="Malformed_input_is_rejected_before_consulting_policy" />
    </UnitTest>
    <UnitTest name="CampusEvents.Tests.EmailValidatorTests.Malformed_input_is_rejected_before_consulting_policy(email: &quot;&quot;)" storage="c:\users\victus\documents\itpe-lab-midterm\tests\campusevents.tests\bin\debug\net10.0\campusevents.tests.dll" id="42a70c88-89c9-4dbd-3cc4-c49c42fcf7c0">
      <Execution id="d512eac5-c31b-4f23-8190-31ad5fe31191" />
      <TestMethod codeBase="C:\Users\VICTUS\Documents\ITPE-LAB-MIDTERM\tests\CampusEvents.Tests\bin\Debug\net10.0\CampusEvents.Tests.dll" adapterTypeName="executor://xunit/VsTestRunner3/netcore/" className="CampusEvents.Tests.EmailValidatorTests" name="Malformed_input_is_rejected_before_consulting_policy" />
    </UnitTest>
    <UnitTest name="CampusEvents.Tests.EmailValidatorTests.Malformed_input_is_rejected_before_consulting_policy(email: &quot;student..name@dlsud.edu.ph&quot;)" storage="c:\users\victus\documents\itpe-lab-midterm\tests\campusevents.tests\bin\debug\net10.0\campusevents.tests.dll" id="80cf0f58-7672-8530-4130-a236bed8d4ad">
      <Execution id="4992b358-a097-46de-8ea2-73442db48035" />
      <TestMethod codeBase="C:\Users\VICTUS\Documents\ITPE-LAB-MIDTERM\tests\CampusEvents.Tests\bin\Debug\net10.0\CampusEvents.Tests.dll" adapterTypeName="executor://xunit/VsTestRunner3/netcore/" className="CampusEvents.Tests.EmailValidatorTests" name="Malformed_input_is_rejected_before_consulting_policy" />
    </UnitTest>
    <UnitTest name="CampusEvents.Tests.EmailValidatorTests.Other_domains_are_rejected(email: &quot;student@sub.dlsud.edu.ph&quot;)" storage="c:\users\victus\documents\itpe-lab-midterm\tests\campusevents.tests\bin\debug\net10.0\campusevents.tests.dll" id="4d33d256-bf03-0a96-f755-9de95f700ed4">
      <Execution id="35ae3fc2-542b-4108-8e75-cb210ca448fb" />
      <TestMethod codeBase="C:\Users\VICTUS\Documents\ITPE-LAB-MIDTERM\tests\CampusEvents.Tests\bin\Debug\net10.0\CampusEvents.Tests.dll" adapterTypeName="executor://xunit/VsTestRunner3/netcore/" className="CampusEvents.Tests.EmailValidatorTests" name="Other_domains_are_rejected" />
    </UnitTest>
    <UnitTest name="CampusEvents.Tests.EmailValidatorTests.Malformed_input_is_rejected_before_consulting_policy(email: &quot;@dlsud.edu.ph&quot;)" storage="c:\users\victus\documents\itpe-lab-midterm\tests\campusevents.tests\bin\debug\net10.0\campusevents.tests.dll" id="3c740299-9bcf-0955-edac-4d3660784734">
      <Execution id="658394d9-f862-4042-bd9c-85eb7e8e0bed" />
      <TestMethod codeBase="C:\Users\VICTUS\Documents\ITPE-LAB-MIDTERM\tests\CampusEvents.Tests\bin\Debug\net10.0\CampusEvents.Tests.dll" adapterTypeName="executor://xunit/VsTestRunner3/netcore/" className="CampusEvents.Tests.EmailValidatorTests" name="Malformed_input_is_rejected_before_consulting_policy" />
    </UnitTest>
    <UnitTest name="CampusEvents.Tests.EmailValidatorTests.Other_domains_are_rejected(email: &quot;student@fakedlsud.edu.ph&quot;)" storage="c:\users\victus\documents\itpe-lab-midterm\tests\campusevents.tests\bin\debug\net10.0\campusevents.tests.dll" id="e3bb8989-fe34-4302-4612-e9c588d09efe">
      <Execution id="edeb3624-bf11-419b-9396-e428b36a84b8" />
      <TestMethod codeBase="C:\Users\VICTUS\Documents\ITPE-LAB-MIDTERM\tests\CampusEvents.Tests\bin\Debug\net10.0\CampusEvents.Tests.dll" adapterTypeName="executor://xunit/VsTestRunner3/netcore/" className="CampusEvents.Tests.EmailValidatorTests" name="Other_domains_are_rejected" />
    </UnitTest>
  </TestDefinitions>
  <TestEntries>
    <TestEntry testId="8deb5031-ec7f-d5c2-c182-4366f36d480f" executionId="6cf82bad-bd43-4246-b504-07cbc2e70786" testListId="8c84fa94-04c1-424b-9868-57a2d4851a1d" />
    <TestEntry testId="3631706c-b34d-8235-8534-b62813e12c36" executionId="a81bf9c1-49f6-42e6-a12d-203e32683cd9" testListId="8c84fa94-04c1-424b-9868-57a2d4851a1d" />
    <TestEntry testId="d1ed2d30-9964-54ac-373b-8850d5023dfa" executionId="9784e531-941b-46b1-81c9-3d0cd964eab4" testListId="8c84fa94-04c1-424b-9868-57a2d4851a1d" />
    <TestEntry testId="f30095d3-3a4f-c4ea-0d3d-471fadd84e06" executionId="fe5b5073-512e-459e-98b0-11edaf0da86f" testListId="8c84fa94-04c1-424b-9868-57a2d4851a1d" />
    <TestEntry testId="b4b580f9-be82-eeed-0b65-9283cfd1b752" executionId="71818bfc-74b6-40ff-98f7-1f8af81a0c17" testListId="8c84fa94-04c1-424b-9868-57a2d4851a1d" />
    <TestEntry testId="0bb03ba6-f86b-cbcd-332a-08e0d626dde9" executionId="cab81b70-6051-47b9-9325-efd5dcc72444" testListId="8c84fa94-04c1-424b-9868-57a2d4851a1d" />
    <TestEntry testId="e3bb8989-fe34-4302-4612-e9c588d09efe" executionId="edeb3624-bf11-419b-9396-e428b36a84b8" testListId="8c84fa94-04c1-424b-9868-57a2d4851a1d" />
    <TestEntry testId="5f4cb460-ec66-7419-dec0-d086dbbe5ad8" executionId="3a3cd843-9164-4e51-8b08-9c096e3501c8" testListId="8c84fa94-04c1-424b-9868-57a2d4851a1d" />
    <TestEntry testId="6d464aaa-6ada-332a-3553-cb434b89a219" executionId="515888c4-ebc1-4aa7-87a1-b4beb24aab7a" testListId="8c84fa94-04c1-424b-9868-57a2d4851a1d" />
    <TestEntry testId="4d33d256-bf03-0a96-f755-9de95f700ed4" executionId="35ae3fc2-542b-4108-8e75-cb210ca448fb" testListId="8c84fa94-04c1-424b-9868-57a2d4851a1d" />
    <TestEntry testId="6479ee78-be87-0186-cdfc-3baac5fd62bb" executionId="f4e0393e-c799-4880-add2-cd8c6e57ecad" testListId="8c84fa94-04c1-424b-9868-57a2d4851a1d" />
    <TestEntry testId="2937a8e9-8fcf-e798-a337-c793c4b91277" executionId="384c55f5-8ee2-4ec6-941b-e8b097065d9f" testListId="8c84fa94-04c1-424b-9868-57a2d4851a1d" />
    <TestEntry testId="42a70c88-89c9-4dbd-3cc4-c49c42fcf7c0" executionId="d512eac5-c31b-4f23-8190-31ad5fe31191" testListId="8c84fa94-04c1-424b-9868-57a2d4851a1d" />
    <TestEntry testId="3a7be1be-0b54-024b-890c-ee191ca61b90" executionId="d386b7b8-a706-4bd4-8a93-118a1f47ee04" testListId="8c84fa94-04c1-424b-9868-57a2d4851a1d" />
    <TestEntry testId="92ac2f0d-ac65-239a-b994-c85041a15fb5" executionId="eff6b268-2c72-498a-b0c5-db9b03f57582" testListId="8c84fa94-04c1-424b-9868-57a2d4851a1d" />
    <TestEntry testId="75bcafea-841c-10a1-7fa0-c07b8930a9b7" executionId="74c21c5f-31df-43bc-99bc-47b903b9e615" testListId="8c84fa94-04c1-424b-9868-57a2d4851a1d" />
    <TestEntry testId="a1987f51-6407-dccd-c9b6-64db4db9529f" executionId="e9a6b65b-ea37-4623-89c1-7d6da3262589" testListId="8c84fa94-04c1-424b-9868-57a2d4851a1d" />
    <TestEntry testId="8bf42c50-aae9-e528-a99f-1417108761fc" executionId="2f9cbd3d-0a8a-4fcc-8183-09d6691dcd0f" testListId="8c84fa94-04c1-424b-9868-57a2d4851a1d" />
    <TestEntry testId="a6ae1fe8-614a-a18c-a47d-38bf6f190110" executionId="9c4e6aa5-f07c-4961-a872-2933c55f56d1" testListId="8c84fa94-04c1-424b-9868-57a2d4851a1d" />
    <TestEntry testId="f8e86e41-388b-70b0-a525-94890a35d34d" executionId="13589ffe-aad1-4c8e-b003-a718cc83d354" testListId="8c84fa94-04c1-424b-9868-57a2d4851a1d" />
    <TestEntry testId="ccaed041-8cb2-ca44-a329-233a5d56a4f2" executionId="d993a361-0145-428b-adbc-2759a75394c7" testListId="8c84fa94-04c1-424b-9868-57a2d4851a1d" />
    <TestEntry testId="3c740299-9bcf-0955-edac-4d3660784734" executionId="658394d9-f862-4042-bd9c-85eb7e8e0bed" testListId="8c84fa94-04c1-424b-9868-57a2d4851a1d" />
    <TestEntry testId="aaadf4b2-5c09-659d-56ed-3d6a75a4f999" executionId="35a922d7-60c2-4f59-b738-4c25fdbe6c02" testListId="8c84fa94-04c1-424b-9868-57a2d4851a1d" />
    <TestEntry testId="468ff204-7cf6-70ee-308f-03f5c7facc1a" executionId="d91c9a5a-1cd9-43fb-aff4-d5267b874fa0" testListId="8c84fa94-04c1-424b-9868-57a2d4851a1d" />
    <TestEntry testId="6a48a229-098c-8cfe-ca51-7008472a7b9f" executionId="689c4040-16c5-45ed-96bd-2bfadc1520a5" testListId="8c84fa94-04c1-424b-9868-57a2d4851a1d" />
    <TestEntry testId="ae15ce95-cb2f-94d8-87d2-0f431864b0bd" executionId="b13cd248-7140-4bc7-a32d-33012ce8b5d5" testListId="8c84fa94-04c1-424b-9868-57a2d4851a1d" />
    <TestEntry testId="80cf0f58-7672-8530-4130-a236bed8d4ad" executionId="4992b358-a097-46de-8ea2-73442db48035" testListId="8c84fa94-04c1-424b-9868-57a2d4851a1d" />
  </TestEntries>
  <TestLists>
    <TestList name="Results Not in a List" id="8c84fa94-04c1-424b-9868-57a2d4851a1d" />
    <TestList name="All Loaded Results" id="19431567-8539-422a-85d7-44ee4e166bda" />
  </TestLists>
  <ResultSummary outcome="Completed">
    <Counters total="27" executed="27" passed="27" failed="0" error="0" timeout="0" aborted="0" inconclusive="0" passedButRunAborted="0" notRunnable="0" notExecuted="0" disconnected="0" warning="0" completed="0" inProgress="0" pending="0" />
    <Output>
      <StdOut>[xUnit.net 00:00:00.00] xUnit.net VSTest Adapter v3.1.1+bf6400fd51 (64-bit .NET 10.0.12)&#xD;
[xUnit.net 00:00:00.06]   Discovering: CampusEvents.Tests&#xD;
[xUnit.net 00:00:00.10]   Discovered:  CampusEvents.Tests&#xD;
[xUnit.net 00:00:00.13]   Starting:    CampusEvents.Tests&#xD;
[xUnit.net 00:00:00.23]   Finished:    CampusEvents.Tests&#xD;
</StdOut>
    </Output>
  </ResultSummary>
</TestRun>